Archive member included because of file (symbol)

/home/reviewer/src/apps/app-temp-log-alpaca-new/ext/libmspbuiltins/bld/gcc/libmspbuiltins.a(builtins.o)
                              /tmp/ccGDuYaH.o (__mulhi3hw_noint)
/home/reviewer/src/apps/app-temp-log-alpaca-new/ext/libmspprintf/bld/gcc/libmspprintf.a(printf.o)
                              /tmp/ccGDuYaH.o (printf)
/home/reviewer/src/apps/app-temp-log-alpaca-new/ext/libedb/bld/gcc/libedb.a(edb.o)
                              /tmp/ccGDuYaH.o (request_non_interactive_debug_mode)
/home/reviewer/src/apps/app-temp-log-alpaca-new/ext/libedb/bld/gcc/libedb.a(io.o)
                              /home/reviewer/src/apps/app-temp-log-alpaca-new/ext/libmspprintf/bld/gcc/libmspprintf.a(printf.o) (io_putchar)
/home/reviewer/src/apps/app-temp-log-alpaca-new/ext/libwispbase/bld/gcc/libwispbase.a(uart.o)
                              /home/reviewer/src/apps/app-temp-log-alpaca-new/ext/libedb/bld/gcc/libedb.a(edb.o) (UART_init)
/opt/ti/mspgcc/bin/../lib/gcc/msp430-elf/4.9.1/libgcc.a(slli.o)
                              /home/reviewer/src/apps/app-temp-log-alpaca-new/ext/libedb/bld/gcc/libedb.a(edb.o) (__mspabi_slli)
/opt/ti/mspgcc/bin/../lib/gcc/msp430-elf/4.9.1/libgcc.a(srai.o)
                              /home/reviewer/src/apps/app-temp-log-alpaca-new/ext/libedb/bld/gcc/libedb.a(edb.o) (__mspabi_srai)
/opt/ti/mspgcc/bin/../lib/gcc/msp430-elf/4.9.1/../../../../msp430-elf/lib/libcrt.a(crt_bss.o)
                              /opt/ti/mspgcc/bin/../lib/gcc/msp430-elf/4.9.1/crtbegin.o (__crt0_init_bss)
/opt/ti/mspgcc/bin/../lib/gcc/msp430-elf/4.9.1/../../../../msp430-elf/lib/libcrt.a(crt_movedata.o)
                              /opt/ti/mspgcc/bin/../lib/gcc/msp430-elf/4.9.1/crtbegin.o (__crt0_movedata)
/opt/ti/mspgcc/bin/../lib/gcc/msp430-elf/4.9.1/../../../../msp430-elf/lib/libcrt.a(crt_main.o)
                              /opt/ti/mspgcc/bin/../lib/gcc/msp430-elf/4.9.1/../../../../msp430-elf/lib/crt0.o (__crt0_call_init_then_main)
/opt/ti/mspgcc/bin/../lib/gcc/msp430-elf/4.9.1/../../../../msp430-elf/lib/libc.a(lib_a-memmove.o)
                              /opt/ti/mspgcc/bin/../lib/gcc/msp430-elf/4.9.1/../../../../msp430-elf/lib/libcrt.a(crt_movedata.o) (memmove)
/opt/ti/mspgcc/bin/../lib/gcc/msp430-elf/4.9.1/../../../../msp430-elf/lib/libc.a(lib_a-memset.o)
                              /opt/ti/mspgcc/bin/../lib/gcc/msp430-elf/4.9.1/../../../../msp430-elf/lib/libcrt.a(crt_bss.o) (memset)

Discarded input sections

 .note.GNU-stack
                0x00000000        0x0 /tmp/ccGDuYaH.o

Memory Configuration

Name             Origin             Length             Attributes
SFR              0x00000000         0x00000010
PERIPHERAL_8BIT  0x00000010         0x000000f0
PERIPHERAL_16BIT 0x00000100         0x00000100
RAM              0x00001c00         0x00000800
INFOMEM          0x00001800         0x00000200
INFOA            0x00001980         0x00000080
INFOB            0x00001900         0x00000080
INFOC            0x00001880         0x00000080
INFOD            0x00001800         0x00000080
ROM              0x00004400         0x0000bb80         xr
VECT1            0x0000ff90         0x00000002
VECT2            0x0000ff92         0x00000002
VECT3            0x0000ff94         0x00000002
VECT4            0x0000ff96         0x00000002
VECT5            0x0000ff98         0x00000002
VECT6            0x0000ff9a         0x00000002
VECT7            0x0000ff9c         0x00000002
VECT8            0x0000ff9e         0x00000002
VECT9            0x0000ffa0         0x00000002
VECT10           0x0000ffa2         0x00000002
VECT11           0x0000ffa4         0x00000002
VECT12           0x0000ffa6         0x00000002
VECT13           0x0000ffa8         0x00000002
VECT14           0x0000ffaa         0x00000002
VECT15           0x0000ffac         0x00000002
VECT16           0x0000ffae         0x00000002
VECT17           0x0000ffb0         0x00000002
VECT18           0x0000ffb2         0x00000002
VECT19           0x0000ffb4         0x00000002
VECT20           0x0000ffb6         0x00000002
VECT21           0x0000ffb8         0x00000002
VECT22           0x0000ffba         0x00000002
VECT23           0x0000ffbc         0x00000002
VECT24           0x0000ffbe         0x00000002
VECT25           0x0000ffc0         0x00000002
VECT26           0x0000ffc2         0x00000002
VECT27           0x0000ffc4         0x00000002
VECT28           0x0000ffc6         0x00000002
VECT29           0x0000ffc8         0x00000002
VECT30           0x0000ffca         0x00000002
VECT31           0x0000ffcc         0x00000002
VECT32           0x0000ffce         0x00000002
VECT33           0x0000ffd0         0x00000002
VECT34           0x0000ffd2         0x00000002
VECT35           0x0000ffd4         0x00000002
VECT36           0x0000ffd6         0x00000002
VECT37           0x0000ffd8         0x00000002
VECT38           0x0000ffda         0x00000002
VECT39           0x0000ffdc         0x00000002
VECT40           0x0000ffde         0x00000002
VECT41           0x0000ffe0         0x00000002
VECT42           0x0000ffe2         0x00000002
VECT43           0x0000ffe4         0x00000002
VECT44           0x0000ffe6         0x00000002
VECT45           0x0000ffe8         0x00000002
VECT46           0x0000ffea         0x00000002
VECT47           0x0000ffec         0x00000002
VECT48           0x0000ffee         0x00000002
VECT49           0x0000fff0         0x00000002
VECT50           0x0000fff2         0x00000002
VECT51           0x0000fff4         0x00000002
VECT52           0x0000fff6         0x00000002
VECT53           0x0000fff8         0x00000002
VECT54           0x0000fffa         0x00000002
VECT55           0x0000fffc         0x00000002
RESETVEC         0x0000fffe         0x00000002
BSL              0x00001000         0x00000800
HIFRAM           0x00010000         0x00003fff         xrw
*default*        0x00000000         0xffffffff

Linker script and memory map

LOAD /opt/ti/mspgcc/bin/../lib/gcc/msp430-elf/4.9.1/../../../../msp430-elf/lib/crt0.o
LOAD /opt/ti/mspgcc/bin/../lib/gcc/msp430-elf/4.9.1/crtbegin.o
LOAD /tmp/ccGDuYaH.o
LOAD /home/reviewer/src/apps/app-temp-log-alpaca-new/ext/libmspbuiltins/bld/gcc/libmspbuiltins.a
LOAD /home/reviewer/src/apps/app-temp-log-alpaca-new/ext/libmspprintf/bld/gcc/libmspprintf.a
LOAD /home/reviewer/src/apps/app-temp-log-alpaca-new/ext/libedb/bld/gcc/libedb.a
LOAD /home/reviewer/src/apps/app-temp-log-alpaca-new/ext/libwispbase/bld/gcc/libwispbase.a
LOAD /opt/ti/mspgcc/bin/../lib/gcc/msp430-elf/4.9.1/libgcc.a
START GROUP
LOAD /opt/ti/mspgcc/bin/../lib/gcc/msp430-elf/4.9.1/../../../../msp430-elf/lib/libc.a
LOAD /opt/ti/mspgcc/bin/../lib/gcc/msp430-elf/4.9.1/libgcc.a
LOAD /opt/ti/mspgcc/bin/../lib/gcc/msp430-elf/4.9.1/../../../../msp430-elf/lib/libcrt.a
LOAD /opt/ti/mspgcc/bin/../lib/gcc/msp430-elf/4.9.1/../../../../msp430-elf/lib/libnosys.a
END GROUP
LOAD /opt/ti/mspgcc/bin/../lib/gcc/msp430-elf/4.9.1/libgcc.a
LOAD /opt/ti/mspgcc/bin/../lib/gcc/msp430-elf/4.9.1/crtend.o
LOAD /opt/ti/mspgcc/bin/../lib/gcc/msp430-elf/4.9.1/../../../../msp430-elf/lib/crtn.o
LOAD /opt/ti/mspgcc/bin/../lib/gcc/msp430-elf/4.9.1/libgcc.a

__interrupt_vector_1
 *(__interrupt_vector_1)

__interrupt_vector_2
 *(__interrupt_vector_2)

__interrupt_vector_3
 *(__interrupt_vector_3)

__interrupt_vector_4
 *(__interrupt_vector_4)

__interrupt_vector_5
 *(__interrupt_vector_5)

__interrupt_vector_6
 *(__interrupt_vector_6)

__interrupt_vector_7
 *(__interrupt_vector_7)

__interrupt_vector_8
 *(__interrupt_vector_8)

__interrupt_vector_9
 *(__interrupt_vector_9)

__interrupt_vector_10
 *(__interrupt_vector_10)

__interrupt_vector_11
 *(__interrupt_vector_11)

__interrupt_vector_12
 *(__interrupt_vector_12)

__interrupt_vector_13
 *(__interrupt_vector_13)

__interrupt_vector_14
 *(__interrupt_vector_14)

__interrupt_vector_15
 *(__interrupt_vector_15)

__interrupt_vector_16
 *(__interrupt_vector_16)

__interrupt_vector_17
 *(__interrupt_vector_17)

__interrupt_vector_18
 *(__interrupt_vector_18)

__interrupt_vector_19
 *(__interrupt_vector_19)

__interrupt_vector_20
 *(__interrupt_vector_20)

__interrupt_vector_21
 *(__interrupt_vector_21)

__interrupt_vector_22
 *(__interrupt_vector_22)

__interrupt_vector_23
 *(__interrupt_vector_23)

__interrupt_vector_24
 *(__interrupt_vector_24)

__interrupt_vector_25
 *(__interrupt_vector_25)

__interrupt_vector_26
 *(__interrupt_vector_26)

__interrupt_vector_27
 *(__interrupt_vector_27)

__interrupt_vector_28
 *(__interrupt_vector_28)

__interrupt_vector_29
 *(__interrupt_vector_29)

__interrupt_vector_30
 *(__interrupt_vector_30)

__interrupt_vector_31
 *(__interrupt_vector_31)
 *(__interrupt_vector_aes256)

__interrupt_vector_32
 *(__interrupt_vector_32)
 *(__interrupt_vector_rtc)

__interrupt_vector_33
 *(__interrupt_vector_33)
 *(__interrupt_vector_port4)

__interrupt_vector_34
 *(__interrupt_vector_34)
 *(__interrupt_vector_port3)

__interrupt_vector_35
 *(__interrupt_vector_35)
 *(__interrupt_vector_timer3_a1)

__interrupt_vector_36
 *(__interrupt_vector_36)
 *(__interrupt_vector_timer3_a0)

__interrupt_vector_37
 *(__interrupt_vector_37)
 *(__interrupt_vector_port2)

__interrupt_vector_38
 *(__interrupt_vector_38)
 *(__interrupt_vector_timer2_a1)

__interrupt_vector_39
 *(__interrupt_vector_39)
 *(__interrupt_vector_timer2_a0)

__interrupt_vector_40
                0x0000ffde        0x2
 *(__interrupt_vector_40)
 __interrupt_vector_40
                0x0000ffde        0x2 /home/reviewer/src/apps/app-temp-log-alpaca-new/ext/libedb/bld/gcc/libedb.a(edb.o)
 *(__interrupt_vector_port1)

__interrupt_vector_41
 *(__interrupt_vector_41)
 *(__interrupt_vector_timer1_a1)

__interrupt_vector_42
 *(__interrupt_vector_42)
 *(__interrupt_vector_timer1_a0)

__interrupt_vector_43
 *(__interrupt_vector_43)
 *(__interrupt_vector_dma)

__interrupt_vector_44
 *(__interrupt_vector_44)
 *(__interrupt_vector_usci_a1)

__interrupt_vector_45
 *(__interrupt_vector_45)
 *(__interrupt_vector_timer0_a1)

__interrupt_vector_46
 *(__interrupt_vector_46)
 *(__interrupt_vector_timer0_a0)

__interrupt_vector_47
 *(__interrupt_vector_47)
 *(__interrupt_vector_adc12)

__interrupt_vector_48
 *(__interrupt_vector_48)
 *(__interrupt_vector_usci_b0)

__interrupt_vector_49
                0x0000fff0        0x2
 *(__interrupt_vector_49)
 __interrupt_vector_49
                0x0000fff0        0x2 /home/reviewer/src/apps/app-temp-log-alpaca-new/ext/libwispbase/bld/gcc/libwispbase.a(uart.o)
 *(__interrupt_vector_usci_a0)

__interrupt_vector_50
 *(__interrupt_vector_50)
 *(__interrupt_vector_wdt)

__interrupt_vector_51
                0x0000fff4        0x2
 *(__interrupt_vector_51)
 *(__interrupt_vector_timer0_b1)
 __interrupt_vector_timer0_b1
                0x0000fff4        0x2 /tmp/ccGDuYaH.o
                0x0000fff4                __vector_timer0_b1

__interrupt_vector_52
 *(__interrupt_vector_52)
 *(__interrupt_vector_timer0_b0)

__interrupt_vector_53
 *(__interrupt_vector_53)
 *(__interrupt_vector_comp_e)

__interrupt_vector_54
 *(__interrupt_vector_54)
 *(__interrupt_vector_unmi)

__interrupt_vector_55
 *(__interrupt_vector_55)
 *(__interrupt_vector_sysnmi)

__reset_vector  0x0000fffe        0x2
 *(__interrupt_vector_56)
 *(__interrupt_vector_reset)
 *(.resetvec)
 .resetvec      0x0000fffe        0x2 /opt/ti/mspgcc/bin/../lib/gcc/msp430-elf/4.9.1/../../../../msp430-elf/lib/crt0.o

.rodata         0x00004400       0xa0
                0x00004400                . = ALIGN (0x2)
 *(.plt)
 *(.rodata .rodata.* .gnu.linkonce.r.* .const .const:*)
 .rodata.str1.1
                0x00004400       0x58 /tmp/ccGDuYaH.o
                                 0x5b (size before relaxing)
 .rodata        0x00004458       0x38 /home/reviewer/src/apps/app-temp-log-alpaca-new/ext/libmspprintf/bld/gcc/libmspprintf.a(printf.o)
 *(.rodata1)
 *(.lower.rodata.* .lower.rodata)
 *(.eh_frame_hdr)
 *(.eh_frame)
 .eh_frame      0x00004490        0x0 /opt/ti/mspgcc/bin/../lib/gcc/msp430-elf/4.9.1/crtbegin.o
 .eh_frame      0x00004490        0x4 /opt/ti/mspgcc/bin/../lib/gcc/msp430-elf/4.9.1/crtend.o
 *(.gcc_except_table)
 *(.gcc_except_table.*)
                0x00004494                PROVIDE (__preinit_array_start, .)
 *(.preinit_array)
                0x00004494                PROVIDE (__preinit_array_end, .)
                0x00004494                PROVIDE (__init_array_start, .)
 *(SORT(.init_array.*))
 *(.init_array)
                0x00004494                PROVIDE (__init_array_end, .)
                0x00004494                PROVIDE (__fini_array_start, .)
 *(.fini_array)
 *(SORT(.fini_array.*))
                0x00004494                PROVIDE (__fini_array_end, .)
                0x00004494        0x4 LONG 0x0
 *crtbegin*.o(.ctors)
 .ctors         0x00004498        0x2 /opt/ti/mspgcc/bin/../lib/gcc/msp430-elf/4.9.1/crtbegin.o
 *(EXCLUDE_FILE(*crtend*.o) .ctors)
 *(SORT(.ctors.*))
 *(.ctors)
 .ctors         0x0000449a        0x2 /opt/ti/mspgcc/bin/../lib/gcc/msp430-elf/4.9.1/crtend.o
 *crtbegin*.o(.dtors)
 .dtors         0x0000449c        0x2 /opt/ti/mspgcc/bin/../lib/gcc/msp430-elf/4.9.1/crtbegin.o
 *(EXCLUDE_FILE(*crtend*.o) .dtors)
 *(SORT(.dtors.*))
 *(.dtors)
 .dtors         0x0000449e        0x2 /opt/ti/mspgcc/bin/../lib/gcc/msp430-elf/4.9.1/crtend.o
                0x0000449e                __DTOR_END__

.nv             0x000044a0      0xe04
                0x000044a0                . = ALIGN (0x2)
                0x000044a0                PROVIDE (__fram_vars_start, .)
 *(.ro_nv_vars)
 *(.nv_vars)
 .nv_vars       0x000044a0      0xe02 /tmp/ccGDuYaH.o
                0x000044a0                _task_task_init
                0x000044a4                _task_task_init_dict
                0x000044a8                _task_task_sample
                0x000044ac                _task_task_measure_temp
                0x000044b0                _task_task_letterize
                0x000044b4                _task_task_compress
                0x000044b8                _task_task_find_sibling
                0x000044bc                _task_task_add_node
                0x000044c0                _task_task_add_insert
                0x000044c4                _task_task_append_compressed
                0x000044c8                _task_task_print
                0x000044cc                _task_task_done
                0x000044d0                _global_parent_next
                0x000044d2                _global_out_len_bak
                0x000044d4                _global_out_len
                0x000044d6                _global_letter_bak
                0x000044d8                _global_letter
                0x000044da                _global_prev_sample_bak
                0x000044dc                _global_prev_sample
                0x000044de                _global_letter_idx_bak
                0x000044e0                _global_letter_idx
                0x000044e2                _global_sample_count_bak
                0x000044e4                _global_sample_count
                0x000044e6                _global_dict
                0x000050e6                _global_node_count_bak
                0x000050e8                _global_node_count
                0x000050ea                _global_sample
                0x000050ec                _global_sibling_bak
                0x000050ee                _global_sibling
                0x000050f0                _global_parent_node
                0x000050f6                _global_parent
                0x000050f8                _global_child
                0x000050fa                _global_sibling_node
                0x00005100                _global_symbol
                0x00005102                _global_compressed_data
                0x00005282                _task__entry_task
                0x00005286                data_src
                0x00005288                data_dest
                0x0000528a                data_size
                0x0000528c                data_src_base
                0x0000528e                data_dest_base
                0x00005290                data_size_base
                0x00005292                gv_index
                0x00005294                num_dirty_gv
                0x00005296                context_1
                0x0000529a                context_0
                0x0000529e                curctx
                0x000052a0                _numBoots
 .nv_vars       0x000052a2        0x2 /home/reviewer/src/apps/app-temp-log-alpaca-new/ext/libedb/bld/gcc/libedb.a(edb.o)
                0x000052a2                _libedb_internal_breakpoints
 *(.fram_vars)
                0x000052a4                . = ALIGN (0x2)
                0x000052a4                PROVIDE (__fram_vars_end, .)

.upper.rodata
 *(.upper.rodata.* .upper.rodata)

.data           0x00001c00        0x6 load address 0x000052a4
                0x00001c00                . = ALIGN (0x2)
                0x00001c00                PROVIDE (__datastart, .)
 *(.jcr)
 .jcr           0x00001c00        0x0 /opt/ti/mspgcc/bin/../lib/gcc/msp430-elf/4.9.1/crtbegin.o
 .jcr           0x00001c00        0x2 /opt/ti/mspgcc/bin/../lib/gcc/msp430-elf/4.9.1/crtend.o
 *(.data.rel.ro.local)
 *(.data.rel.ro*)
 *(.dynamic)
 *(.data .data.* .gnu.linkonce.d.*)
 .data          0x00001c02        0x0 /opt/ti/mspgcc/bin/../lib/gcc/msp430-elf/4.9.1/../../../../msp430-elf/lib/crt0.o
 .data          0x00001c02        0x2 /opt/ti/mspgcc/bin/../lib/gcc/msp430-elf/4.9.1/crtbegin.o
                0x00001c02                __dso_handle
 .data          0x00001c04        0x0 /tmp/ccGDuYaH.o
 .data.rel      0x00001c04        0x2 /tmp/ccGDuYaH.o
                0x00001c04                timer
 .data          0x00001c06        0x0 /home/reviewer/src/apps/app-temp-log-alpaca-new/ext/libmspbuiltins/bld/gcc/libmspbuiltins.a(builtins.o)
 .data          0x00001c06        0x0 /home/reviewer/src/apps/app-temp-log-alpaca-new/ext/libmspprintf/bld/gcc/libmspprintf.a(printf.o)
 .data          0x00001c06        0x0 /home/reviewer/src/apps/app-temp-log-alpaca-new/ext/libedb/bld/gcc/libedb.a(edb.o)
 .data          0x00001c06        0x0 /home/reviewer/src/apps/app-temp-log-alpaca-new/ext/libedb/bld/gcc/libedb.a(io.o)
 .data          0x00001c06        0x0 /home/reviewer/src/apps/app-temp-log-alpaca-new/ext/libwispbase/bld/gcc/libwispbase.a(uart.o)
 .data          0x00001c06        0x0 /opt/ti/mspgcc/bin/../lib/gcc/msp430-elf/4.9.1/libgcc.a(slli.o)
 .data          0x00001c06        0x0 /opt/ti/mspgcc/bin/../lib/gcc/msp430-elf/4.9.1/libgcc.a(srai.o)
 .data          0x00001c06        0x0 /opt/ti/mspgcc/bin/../lib/gcc/msp430-elf/4.9.1/../../../../msp430-elf/lib/libcrt.a(crt_bss.o)
 .data          0x00001c06        0x0 /opt/ti/mspgcc/bin/../lib/gcc/msp430-elf/4.9.1/../../../../msp430-elf/lib/libcrt.a(crt_movedata.o)
 .data          0x00001c06        0x0 /opt/ti/mspgcc/bin/../lib/gcc/msp430-elf/4.9.1/../../../../msp430-elf/lib/libcrt.a(crt_main.o)
 .data          0x00001c06        0x0 /opt/ti/mspgcc/bin/../lib/gcc/msp430-elf/4.9.1/../../../../msp430-elf/lib/libc.a(lib_a-memmove.o)
 .data          0x00001c06        0x0 /opt/ti/mspgcc/bin/../lib/gcc/msp430-elf/4.9.1/../../../../msp430-elf/lib/libc.a(lib_a-memset.o)
 .data          0x00001c06        0x0 /opt/ti/mspgcc/bin/../lib/gcc/msp430-elf/4.9.1/crtend.o
 .data          0x00001c06        0x0 /opt/ti/mspgcc/bin/../lib/gcc/msp430-elf/4.9.1/../../../../msp430-elf/lib/crtn.o
 *(.gnu.linkonce.d.*personality*)
 *(.data1)
 *(.got.plt)
 *(.got)
                0x00001c06                . = ALIGN (0x2)
 *(.sdata .sdata.* .gnu.linkonce.s.* D_2 D_1)
                0x00001c06                . = ALIGN (0x2)
 *(.lower.data.* .lower.data)
                0x00001c06                . = ALIGN (0x2)
                0x00001c06                _edata = .
                0x00001c06                PROVIDE (edata, .)
                0x00001c06                PROVIDE (__dataend, .)
                0x000052a4                PROVIDE (__romdatastart, LOADADDR (.data))
                0x00000006                PROVIDE (__romdatacopysize, SIZEOF (.data))

.upper.data     0x00010000        0x2 load address 0x000052aa
                0x000052aa                __upper_data_init = LOADADDR (.upper.data)
                0x00010000        0x2 SHORT 0x1
                0x00010002                __high_datastart = .
 *(.upper.data.* .upper.data)
                0x00010002                __high_dataend = .
                0x00000000                __rom_highdatacopysize = (SIZEOF (.upper.data) - 0x2)
                0x000052ac                __rom_highdatastart = (LOADADDR (.upper.data) + 0x2)

.bss            0x00001c06       0xbe
                0x00001c06                . = ALIGN (0x2)
                0x00001c06                PROVIDE (__bssstart, .)
 *(.dynbss)
 *(.sbss .sbss.*)
 *(.bss .bss.* .gnu.linkonce.b.*)
 .bss           0x00001c06        0x0 /opt/ti/mspgcc/bin/../lib/gcc/msp430-elf/4.9.1/../../../../msp430-elf/lib/crt0.o
 .bss           0x00001c06       0x12 /opt/ti/mspgcc/bin/../lib/gcc/msp430-elf/4.9.1/crtbegin.o
 .bss           0x00001c18        0x6 /tmp/ccGDuYaH.o
                0x00001c18                overflow
                0x00001c1a                nvram
 .bss           0x00001c1e        0x0 /home/reviewer/src/apps/app-temp-log-alpaca-new/ext/libmspbuiltins/bld/gcc/libmspbuiltins.a(builtins.o)
 .bss           0x00001c1e        0x0 /home/reviewer/src/apps/app-temp-log-alpaca-new/ext/libmspprintf/bld/gcc/libmspprintf.a(printf.o)
 .bss           0x00001c1e       0x64 /home/reviewer/src/apps/app-temp-log-alpaca-new/ext/libedb/bld/gcc/libedb.a(edb.o)
 .bss           0x00001c82       0x36 /home/reviewer/src/apps/app-temp-log-alpaca-new/ext/libedb/bld/gcc/libedb.a(io.o)
 .bss           0x00001cb8        0xc /home/reviewer/src/apps/app-temp-log-alpaca-new/ext/libwispbase/bld/gcc/libwispbase.a(uart.o)
 .bss           0x00001cc4        0x0 /opt/ti/mspgcc/bin/../lib/gcc/msp430-elf/4.9.1/libgcc.a(slli.o)
 .bss           0x00001cc4        0x0 /opt/ti/mspgcc/bin/../lib/gcc/msp430-elf/4.9.1/libgcc.a(srai.o)
 .bss           0x00001cc4        0x0 /opt/ti/mspgcc/bin/../lib/gcc/msp430-elf/4.9.1/../../../../msp430-elf/lib/libcrt.a(crt_bss.o)
 .bss           0x00001cc4        0x0 /opt/ti/mspgcc/bin/../lib/gcc/msp430-elf/4.9.1/../../../../msp430-elf/lib/libcrt.a(crt_movedata.o)
 .bss           0x00001cc4        0x0 /opt/ti/mspgcc/bin/../lib/gcc/msp430-elf/4.9.1/../../../../msp430-elf/lib/libcrt.a(crt_main.o)
 .bss           0x00001cc4        0x0 /opt/ti/mspgcc/bin/../lib/gcc/msp430-elf/4.9.1/../../../../msp430-elf/lib/libc.a(lib_a-memmove.o)
 .bss           0x00001cc4        0x0 /opt/ti/mspgcc/bin/../lib/gcc/msp430-elf/4.9.1/../../../../msp430-elf/lib/libc.a(lib_a-memset.o)
 .bss           0x00001cc4        0x0 /opt/ti/mspgcc/bin/../lib/gcc/msp430-elf/4.9.1/crtend.o
 .bss           0x00001cc4        0x0 /opt/ti/mspgcc/bin/../lib/gcc/msp430-elf/4.9.1/../../../../msp430-elf/lib/crtn.o
 *(.lower.bss.* .lower.bss)
                0x00001cc4                . = ALIGN (0x2)
 *(COMMON)
                0x00001cc4                PROVIDE (__bssend, .)
                0x000000be                PROVIDE (__bsssize, SIZEOF (.bss))

.noinit         0x00001cc4        0x0
                0x00001cc4                . = ALIGN (0x2)
                0x00001cc4                PROVIDE (__noinit_start, .)
 *(.noinit)
                0x00001cc4                . = ALIGN (0x2)
                0x00001cc4                PROVIDE (__noinit_end, .)
                0x00001cc4                _end = .
                0x00001cc4                PROVIDE (end, .)

.upper.bss      0x00010002        0x0
                0x00010002                . = ALIGN (0x2)
                0x00010002                __high_bssstart = .
 *(.upper.bss.* .upper.bss)
                0x00010002                . = ALIGN (0x2)
                0x00010002                __high_bssend = .

.stack          0x00002400        0x0
                0x00002400                PROVIDE (__stack, .)
 *(.stack)

.text           0x000052ac     0x18b6
                0x000052ac                PROVIDE (_start, .)
                0x000052ac                . = ALIGN (0x2)
 *(SORT(.crt_*))
 .crt_0000start
                0x000052ac        0x4 /opt/ti/mspgcc/bin/../lib/gcc/msp430-elf/4.9.1/../../../../msp430-elf/lib/crt0.o
                0x000052ac                __crt0_start
 .crt_0100init_bss
                0x000052b0        0xe /opt/ti/mspgcc/bin/../lib/gcc/msp430-elf/4.9.1/../../../../msp430-elf/lib/libcrt.a(crt_bss.o)
                0x000052b0                __crt0_init_bss
 .crt_0300movedata
                0x000052be       0x14 /opt/ti/mspgcc/bin/../lib/gcc/msp430-elf/4.9.1/../../../../msp430-elf/lib/libcrt.a(crt_movedata.o)
                0x000052be                __crt0_movedata
 .crt_0700call_init_then_main
                0x000052d2        0xa /opt/ti/mspgcc/bin/../lib/gcc/msp430-elf/4.9.1/../../../../msp430-elf/lib/libcrt.a(crt_main.o)
                0x000052d2                __crt0_call_init_then_main
 .crt_0900main_init
                0x000052dc       0x36 /opt/ti/mspgcc/bin/../lib/gcc/msp430-elf/4.9.1/../../../../msp430-elf/lib/crt0.o
                0x000052dc                _msp430_run_init_array
                0x000052e8                _msp430_run_preinit_array
                0x000052f4                _msp430_run_fini_array
                0x00005312                . = ALIGN (0x2)
 *(.lowtext)
                0x00005312                . = ALIGN (0x2)
 *(.lower.text.* .lower.text)
                0x00005312                . = ALIGN (0x2)
 *(.text .stub .text.* .gnu.linkonce.t.* .text:*)
 .text          0x00005312        0x0 /opt/ti/mspgcc/bin/../lib/gcc/msp430-elf/4.9.1/../../../../msp430-elf/lib/crt0.o
 .text          0x00005312       0xc6 /opt/ti/mspgcc/bin/../lib/gcc/msp430-elf/4.9.1/crtbegin.o
 .text          0x000053d8      0xaa4 /tmp/ccGDuYaH.o
                0x000053d8                TimerB1_ISR
                0x000053d8                __interrupt_vector_51
                0x00005428                init
                0x00005470                task_init
                0x00005498                task_init_dict
                0x0000552c                task_sample
                0x0000559c                task_measure_temp
                0x000055f4                task_letterize
                0x000056b0                task_compress
                0x00005754                task_find_sibling
                0x00005838                task_add_node
                0x000058e4                task_add_insert
                0x00005a10                task_append_compressed
                0x00005a84                task_print
                0x00005b80                task_done
                0x00005b90                _entry_task
                0x00005ba0                _init
                0x00005bac                clear_isDirty
                0x00005bf0                msp_watchdog_enable
                0x00005c08                msp_watchdog_disable
                0x00005c18                msp_watchdog_kick
                0x00005c2c                memcpy
                0x00005c80                my_memset
                0x00005c98                msp_clock_setup
                0x00005cb8                task_prologue
                0x00005d74                transition_to
                0x00005de0                write_to_gbuf
                0x00005e58                main
 .text          0x00005e7c        0xe /home/reviewer/src/apps/app-temp-log-alpaca-new/ext/libmspbuiltins/bld/gcc/libmspbuiltins.a(builtins.o)
                0x00005e7c                __mulhi3hw_noint
 .text          0x00005e8a      0x224 /home/reviewer/src/apps/app-temp-log-alpaca-new/ext/libmspprintf/bld/gcc/libmspprintf.a(printf.o)
                0x00005f1c                puts
                0x00005f3a                printf
 .text          0x000060ae      0x5c4 /home/reviewer/src/apps/app-temp-log-alpaca-new/ext/libedb/bld/gcc/libedb.a(edb.o)
                0x000061a6                exit_debug_mode
                0x000061c2                request_debug_mode
                0x000061f8                request_non_interactive_debug_mode
                0x00006206                request_energy_guard_debug_mode
                0x00006214                resume_application
                0x00006232                mem_addr_from_bytes
                0x00006240                edb_init
                0x00006266                edb_set_app_output_cb
                0x0000626c                PORT1_ISR
 .text          0x00006672      0x13c /home/reviewer/src/apps/app-temp-log-alpaca-new/ext/libedb/bld/gcc/libedb.a(io.o)
                0x00006706                io_putchar
                0x00006750                io_puts_no_newline
                0x00006758                io_puts
                0x00006760                edb_output_app_data
 .text          0x000067ae      0x23e /home/reviewer/src/apps/app-temp-log-alpaca-new/ext/libwispbase/bld/gcc/libwispbase.a(uart.o)
                0x000067ae                UART_init
                0x000067f0                UART_teardown
                0x00006816                UART_asyncSend
                0x0000683a                UART_send
                0x0000684a                UART_critSend
                0x000068b0                UART_isTxBusy
                0x000068b6                UART_asyncReceive
                0x000068dc                UART_receive
                0x000068ee                UART_critReceive
                0x00006954                UART_isRxBusy
                0x0000695a                UART_isRxDone
                0x00006968                USCI_A0_ISR
 .text          0x000069ec       0x74 /opt/ti/mspgcc/bin/../lib/gcc/msp430-elf/4.9.1/libgcc.a(slli.o)
                0x000069ec                __mspabi_slli_15
                0x000069ee                __mspabi_slli_14
                0x000069f0                __mspabi_slli_13
                0x000069f2                __mspabi_slli_12
                0x000069f4                __mspabi_slli_11
                0x000069f6                __mspabi_slli_10
                0x000069f8                __mspabi_slli_9
                0x000069fa                __mspabi_slli_8
                0x000069fc                __mspabi_slli_7
                0x000069fe                __mspabi_slli_6
                0x00006a00                __mspabi_slli_5
                0x00006a02                __mspabi_slli_4
                0x00006a04                __mspabi_slli_3
                0x00006a06                __mspabi_slli_2
                0x00006a08                __mspabi_slli_1
                0x00006a10                __mspabi_slli
                0x00006a16                __mspabi_slll_15
                0x00006a1a                __mspabi_slll_14
                0x00006a1e                __mspabi_slll_13
                0x00006a22                __mspabi_slll_12
                0x00006a26                __mspabi_slll_11
                0x00006a2a                __mspabi_slll_10
                0x00006a2e                __mspabi_slll_9
                0x00006a32                __mspabi_slll_8
                0x00006a36                __mspabi_slll_7
                0x00006a3a                __mspabi_slll_6
                0x00006a3e                __mspabi_slll_5
                0x00006a42                __mspabi_slll_4
                0x00006a46                __mspabi_slll_3
                0x00006a4a                __mspabi_slll_2
                0x00006a4e                __mspabi_slll_1
                0x00006a5a                __mspabi_slll
 .text          0x00006a60       0x74 /opt/ti/mspgcc/bin/../lib/gcc/msp430-elf/4.9.1/libgcc.a(srai.o)
                0x00006a60                __mspabi_srai_15
                0x00006a62                __mspabi_srai_14
                0x00006a64                __mspabi_srai_13
                0x00006a66                __mspabi_srai_12
                0x00006a68                __mspabi_srai_11
                0x00006a6a                __mspabi_srai_10
                0x00006a6c                __mspabi_srai_9
                0x00006a6e                __mspabi_srai_8
                0x00006a70                __mspabi_srai_7
                0x00006a72                __mspabi_srai_6
                0x00006a74                __mspabi_srai_5
                0x00006a76                __mspabi_srai_4
                0x00006a78                __mspabi_srai_3
                0x00006a7a                __mspabi_srai_2
                0x00006a7c                __mspabi_srai_1
                0x00006a84                __mspabi_srai
                0x00006a8a                __mspabi_sral_15
                0x00006a8e                __mspabi_sral_14
                0x00006a92                __mspabi_sral_13
                0x00006a96                __mspabi_sral_12
                0x00006a9a                __mspabi_sral_11
                0x00006a9e                __mspabi_sral_10
                0x00006aa2                __mspabi_sral_9
                0x00006aa6                __mspabi_sral_8
                0x00006aaa                __mspabi_sral_7
                0x00006aae                __mspabi_sral_6
                0x00006ab2                __mspabi_sral_5
                0x00006ab6                __mspabi_sral_4
                0x00006aba                __mspabi_sral_3
                0x00006abe                __mspabi_sral_2
                0x00006ac2                __mspabi_sral_1
                0x00006ace                __mspabi_sral
 .text          0x00006ad4        0x0 /opt/ti/mspgcc/bin/../lib/gcc/msp430-elf/4.9.1/../../../../msp430-elf/lib/libcrt.a(crt_bss.o)
 .text          0x00006ad4        0x0 /opt/ti/mspgcc/bin/../lib/gcc/msp430-elf/4.9.1/../../../../msp430-elf/lib/libcrt.a(crt_movedata.o)
 .text          0x00006ad4        0x0 /opt/ti/mspgcc/bin/../lib/gcc/msp430-elf/4.9.1/../../../../msp430-elf/lib/libcrt.a(crt_main.o)
 .text          0x00006ad4        0x0 /opt/ti/mspgcc/bin/../lib/gcc/msp430-elf/4.9.1/../../../../msp430-elf/lib/libc.a(lib_a-memmove.o)
 .text.memmove  0x00006ad4       0x40 /opt/ti/mspgcc/bin/../lib/gcc/msp430-elf/4.9.1/../../../../msp430-elf/lib/libc.a(lib_a-memmove.o)
                0x00006ad4                memmove
 .text          0x00006b14        0x0 /opt/ti/mspgcc/bin/../lib/gcc/msp430-elf/4.9.1/../../../../msp430-elf/lib/libc.a(lib_a-memset.o)
 .text.memset   0x00006b14       0x12 /opt/ti/mspgcc/bin/../lib/gcc/msp430-elf/4.9.1/../../../../msp430-elf/lib/libc.a(lib_a-memset.o)
                0x00006b14                memset
 .text          0x00006b26       0x20 /opt/ti/mspgcc/bin/../lib/gcc/msp430-elf/4.9.1/crtend.o
 .text          0x00006b46        0x0 /opt/ti/mspgcc/bin/../lib/gcc/msp430-elf/4.9.1/../../../../msp430-elf/lib/crtn.o
 *(.text.*personality*)
 *(.gnu.warning)
 *(.interp .hash .dynsym .dynstr .gnu.version*)
                0x00006b46                PROVIDE (__etext, .)
                0x00006b46                PROVIDE (_etext, .)
                0x00006b46                PROVIDE (etext, .)
                0x00006b46                . = ALIGN (0x2)
 *(.init)
 .init          0x00006b46        0x0 /opt/ti/mspgcc/bin/../lib/gcc/msp430-elf/4.9.1/../../../../msp430-elf/lib/crt0.o
                0x00006b46                __msp430_init
 .init          0x00006b46        0x4 /opt/ti/mspgcc/bin/../lib/gcc/msp430-elf/4.9.1/crtbegin.o
 .init          0x00006b4a        0x4 /opt/ti/mspgcc/bin/../lib/gcc/msp430-elf/4.9.1/crtend.o
 .init          0x00006b4e        0xa /opt/ti/mspgcc/bin/../lib/gcc/msp430-elf/4.9.1/../../../../msp430-elf/lib/crtn.o
                0x00006b58                __msp430_init_end
 *(.fini)
 .fini          0x00006b58        0x4 /opt/ti/mspgcc/bin/../lib/gcc/msp430-elf/4.9.1/../../../../msp430-elf/lib/crt0.o
                0x00006b58                __msp430_fini
 .fini          0x00006b5c        0x4 /opt/ti/mspgcc/bin/../lib/gcc/msp430-elf/4.9.1/crtbegin.o
 .fini          0x00006b60        0x2 /opt/ti/mspgcc/bin/../lib/gcc/msp430-elf/4.9.1/../../../../msp430-elf/lib/crtn.o
                0x00006b62                __msp430_fini_end
 *(.tm_clone_table)
 .tm_clone_table
                0x00006b62        0x0 /opt/ti/mspgcc/bin/../lib/gcc/msp430-elf/4.9.1/crtbegin.o
 .tm_clone_table
                0x00006b62        0x0 /opt/ti/mspgcc/bin/../lib/gcc/msp430-elf/4.9.1/crtend.o
                0x00006b62                __TMC_END__

.upper.text     0x00010002        0x0
                0x00010002                . = ALIGN (0x2)
 *(.upper.text.* .upper.text)

.infoA

.infoB

.infoC

.infoD

.MP430.attributes
                0x00000000      0x187
 *(.MSP430.attributes)
 .MSP430.attributes
                0x00000000       0x17 /opt/ti/mspgcc/bin/../lib/gcc/msp430-elf/4.9.1/../../../../msp430-elf/lib/crt0.o
 .MSP430.attributes
                0x00000017       0x17 /opt/ti/mspgcc/bin/../lib/gcc/msp430-elf/4.9.1/crtbegin.o
 .MSP430.attributes
                0x0000002e       0x17 /tmp/ccGDuYaH.o
 .MSP430.attributes
                0x00000045       0x17 /home/reviewer/src/apps/app-temp-log-alpaca-new/ext/libmspbuiltins/bld/gcc/libmspbuiltins.a(builtins.o)
 .MSP430.attributes
                0x0000005c       0x17 /home/reviewer/src/apps/app-temp-log-alpaca-new/ext/libmspprintf/bld/gcc/libmspprintf.a(printf.o)
 .MSP430.attributes
                0x00000073       0x17 /home/reviewer/src/apps/app-temp-log-alpaca-new/ext/libedb/bld/gcc/libedb.a(edb.o)
 .MSP430.attributes
                0x0000008a       0x17 /home/reviewer/src/apps/app-temp-log-alpaca-new/ext/libedb/bld/gcc/libedb.a(io.o)
 .MSP430.attributes
                0x000000a1       0x17 /home/reviewer/src/apps/app-temp-log-alpaca-new/ext/libwispbase/bld/gcc/libwispbase.a(uart.o)
 .MSP430.attributes
                0x000000b8       0x17 /opt/ti/mspgcc/bin/../lib/gcc/msp430-elf/4.9.1/libgcc.a(slli.o)
 .MSP430.attributes
                0x000000cf       0x17 /opt/ti/mspgcc/bin/../lib/gcc/msp430-elf/4.9.1/libgcc.a(srai.o)
 .MSP430.attributes
                0x000000e6       0x17 /opt/ti/mspgcc/bin/../lib/gcc/msp430-elf/4.9.1/../../../../msp430-elf/lib/libcrt.a(crt_bss.o)
 .MSP430.attributes
                0x000000fd       0x17 /opt/ti/mspgcc/bin/../lib/gcc/msp430-elf/4.9.1/../../../../msp430-elf/lib/libcrt.a(crt_movedata.o)
 .MSP430.attributes
                0x00000114       0x17 /opt/ti/mspgcc/bin/../lib/gcc/msp430-elf/4.9.1/../../../../msp430-elf/lib/libcrt.a(crt_main.o)
 .MSP430.attributes
                0x0000012b       0x17 /opt/ti/mspgcc/bin/../lib/gcc/msp430-elf/4.9.1/../../../../msp430-elf/lib/libc.a(lib_a-memmove.o)
 .MSP430.attributes
                0x00000142       0x17 /opt/ti/mspgcc/bin/../lib/gcc/msp430-elf/4.9.1/../../../../msp430-elf/lib/libc.a(lib_a-memset.o)
 .MSP430.attributes
                0x00000159       0x17 /opt/ti/mspgcc/bin/../lib/gcc/msp430-elf/4.9.1/crtend.o
 .MSP430.attributes
                0x00000170       0x17 /opt/ti/mspgcc/bin/../lib/gcc/msp430-elf/4.9.1/../../../../msp430-elf/lib/crtn.o
 *(.gnu.attributes)
 *(__TI_build_attributes)

.stab
 *(.stab)

.stabstr
 *(.stabstr)

.stab.excl
 *(.stab.excl)

.stab.exclstr
 *(.stab.exclstr)

.stab.index
 *(.stab.index)

.stab.indexstr
 *(.stab.indexstr)

.comment        0x00000000      0x1c6
 *(.comment)
 .comment       0x00000000       0x7c /opt/ti/mspgcc/bin/../lib/gcc/msp430-elf/4.9.1/crtbegin.o
                                 0x7d (size before relaxing)
 .comment       0x0000007c      0x14a /tmp/ccGDuYaH.o
                                0x484 (size before relaxing)
 .comment       0x00000000       0x7d /home/reviewer/src/apps/app-temp-log-alpaca-new/ext/libmspprintf/bld/gcc/libmspprintf.a(printf.o)
 .comment       0x00000000       0x7d /home/reviewer/src/apps/app-temp-log-alpaca-new/ext/libedb/bld/gcc/libedb.a(edb.o)
 .comment       0x00000000       0x7d /home/reviewer/src/apps/app-temp-log-alpaca-new/ext/libedb/bld/gcc/libedb.a(io.o)
 .comment       0x00000000       0x7d /home/reviewer/src/apps/app-temp-log-alpaca-new/ext/libwispbase/bld/gcc/libwispbase.a(uart.o)
 .comment       0x00000000       0x7d /opt/ti/mspgcc/bin/../lib/gcc/msp430-elf/4.9.1/../../../../msp430-elf/lib/libc.a(lib_a-memmove.o)
 .comment       0x00000000       0x7d /opt/ti/mspgcc/bin/../lib/gcc/msp430-elf/4.9.1/../../../../msp430-elf/lib/libc.a(lib_a-memset.o)
 .comment       0x00000000       0x7d /opt/ti/mspgcc/bin/../lib/gcc/msp430-elf/4.9.1/crtend.o

.debug
 *(.debug)

.line
 *(.line)

.debug_srcinfo
 *(.debug_srcinfo)

.debug_sfnames
 *(.debug_sfnames)

.debug_aranges  0x00000000      0x178
 *(.debug_aranges)
 .debug_aranges
                0x00000000       0x30 /opt/ti/mspgcc/bin/../lib/gcc/msp430-elf/4.9.1/../../../../msp430-elf/lib/crt0.o
 .debug_aranges
                0x00000030       0x20 /home/reviewer/src/apps/app-temp-log-alpaca-new/ext/libmspprintf/bld/gcc/libmspprintf.a(printf.o)
 .debug_aranges
                0x00000050       0x20 /home/reviewer/src/apps/app-temp-log-alpaca-new/ext/libedb/bld/gcc/libedb.a(edb.o)
 .debug_aranges
                0x00000070       0x20 /home/reviewer/src/apps/app-temp-log-alpaca-new/ext/libedb/bld/gcc/libedb.a(io.o)
 .debug_aranges
                0x00000090       0x20 /home/reviewer/src/apps/app-temp-log-alpaca-new/ext/libwispbase/bld/gcc/libwispbase.a(uart.o)
 .debug_aranges
                0x000000b0       0x20 /opt/ti/mspgcc/bin/../lib/gcc/msp430-elf/4.9.1/../../../../msp430-elf/lib/libcrt.a(crt_bss.o)
 .debug_aranges
                0x000000d0       0x20 /opt/ti/mspgcc/bin/../lib/gcc/msp430-elf/4.9.1/../../../../msp430-elf/lib/libcrt.a(crt_movedata.o)
 .debug_aranges
                0x000000f0       0x20 /opt/ti/mspgcc/bin/../lib/gcc/msp430-elf/4.9.1/../../../../msp430-elf/lib/libcrt.a(crt_main.o)
 .debug_aranges
                0x00000110       0x20 /opt/ti/mspgcc/bin/../lib/gcc/msp430-elf/4.9.1/../../../../msp430-elf/lib/libc.a(lib_a-memmove.o)
 .debug_aranges
                0x00000130       0x20 /opt/ti/mspgcc/bin/../lib/gcc/msp430-elf/4.9.1/../../../../msp430-elf/lib/libc.a(lib_a-memset.o)
 .debug_aranges
                0x00000150       0x28 /opt/ti/mspgcc/bin/../lib/gcc/msp430-elf/4.9.1/../../../../msp430-elf/lib/crtn.o

.debug_pubnames
 *(.debug_pubnames)

.debug_info     0x00000000     0x1b7f
 *(.debug_info .gnu.linkonce.wi.*)
 .debug_info    0x00000000       0xce /opt/ti/mspgcc/bin/../lib/gcc/msp430-elf/4.9.1/../../../../msp430-elf/lib/crt0.o
 .debug_info    0x000000ce      0x30d /home/reviewer/src/apps/app-temp-log-alpaca-new/ext/libmspprintf/bld/gcc/libmspprintf.a(printf.o)
 .debug_info    0x000003db      0xbc7 /home/reviewer/src/apps/app-temp-log-alpaca-new/ext/libedb/bld/gcc/libedb.a(edb.o)
 .debug_info    0x00000fa2      0x2e9 /home/reviewer/src/apps/app-temp-log-alpaca-new/ext/libedb/bld/gcc/libedb.a(io.o)
 .debug_info    0x0000128b      0x3e3 /home/reviewer/src/apps/app-temp-log-alpaca-new/ext/libwispbase/bld/gcc/libwispbase.a(uart.o)
 .debug_info    0x0000166e       0xd2 /opt/ti/mspgcc/bin/../lib/gcc/msp430-elf/4.9.1/../../../../msp430-elf/lib/libcrt.a(crt_bss.o)
 .debug_info    0x00001740       0xd2 /opt/ti/mspgcc/bin/../lib/gcc/msp430-elf/4.9.1/../../../../msp430-elf/lib/libcrt.a(crt_movedata.o)
 .debug_info    0x00001812       0xd2 /opt/ti/mspgcc/bin/../lib/gcc/msp430-elf/4.9.1/../../../../msp430-elf/lib/libcrt.a(crt_main.o)
 .debug_info    0x000018e4       0xfe /opt/ti/mspgcc/bin/../lib/gcc/msp430-elf/4.9.1/../../../../msp430-elf/lib/libc.a(lib_a-memmove.o)
 .debug_info    0x000019e2       0xcf /opt/ti/mspgcc/bin/../lib/gcc/msp430-elf/4.9.1/../../../../msp430-elf/lib/libc.a(lib_a-memset.o)
 .debug_info    0x00001ab1       0xce /opt/ti/mspgcc/bin/../lib/gcc/msp430-elf/4.9.1/../../../../msp430-elf/lib/crtn.o

.debug_abbrev   0x00000000      0x910
 *(.debug_abbrev)
 .debug_abbrev  0x00000000       0x12 /opt/ti/mspgcc/bin/../lib/gcc/msp430-elf/4.9.1/../../../../msp430-elf/lib/crt0.o
 .debug_abbrev  0x00000012      0x174 /home/reviewer/src/apps/app-temp-log-alpaca-new/ext/libmspprintf/bld/gcc/libmspprintf.a(printf.o)
 .debug_abbrev  0x00000186      0x397 /home/reviewer/src/apps/app-temp-log-alpaca-new/ext/libedb/bld/gcc/libedb.a(edb.o)
 .debug_abbrev  0x0000051d      0x12a /home/reviewer/src/apps/app-temp-log-alpaca-new/ext/libedb/bld/gcc/libedb.a(io.o)
 .debug_abbrev  0x00000647      0x155 /home/reviewer/src/apps/app-temp-log-alpaca-new/ext/libwispbase/bld/gcc/libwispbase.a(uart.o)
 .debug_abbrev  0x0000079c       0x14 /opt/ti/mspgcc/bin/../lib/gcc/msp430-elf/4.9.1/../../../../msp430-elf/lib/libcrt.a(crt_bss.o)
 .debug_abbrev  0x000007b0       0x14 /opt/ti/mspgcc/bin/../lib/gcc/msp430-elf/4.9.1/../../../../msp430-elf/lib/libcrt.a(crt_movedata.o)
 .debug_abbrev  0x000007c4       0x14 /opt/ti/mspgcc/bin/../lib/gcc/msp430-elf/4.9.1/../../../../msp430-elf/lib/libcrt.a(crt_main.o)
 .debug_abbrev  0x000007d8       0x9a /opt/ti/mspgcc/bin/../lib/gcc/msp430-elf/4.9.1/../../../../msp430-elf/lib/libc.a(lib_a-memmove.o)
 .debug_abbrev  0x00000872       0x8c /opt/ti/mspgcc/bin/../lib/gcc/msp430-elf/4.9.1/../../../../msp430-elf/lib/libc.a(lib_a-memset.o)
 .debug_abbrev  0x000008fe       0x12 /opt/ti/mspgcc/bin/../lib/gcc/msp430-elf/4.9.1/../../../../msp430-elf/lib/crtn.o

.debug_line     0x00000000     0x149f
 *(.debug_line .debug_line.* .debug_line_end)
 .debug_line    0x00000000       0xff /opt/ti/mspgcc/bin/../lib/gcc/msp430-elf/4.9.1/../../../../msp430-elf/lib/crt0.o
 .debug_line    0x000000ff      0x237 /home/reviewer/src/apps/app-temp-log-alpaca-new/ext/libmspprintf/bld/gcc/libmspprintf.a(printf.o)
 .debug_line    0x00000336      0x6d5 /home/reviewer/src/apps/app-temp-log-alpaca-new/ext/libedb/bld/gcc/libedb.a(edb.o)
 .debug_line    0x00000a0b      0x269 /home/reviewer/src/apps/app-temp-log-alpaca-new/ext/libedb/bld/gcc/libedb.a(io.o)
 .debug_line    0x00000c74      0x37b /home/reviewer/src/apps/app-temp-log-alpaca-new/ext/libwispbase/bld/gcc/libwispbase.a(uart.o)
 .debug_line    0x00000fef       0x84 /opt/ti/mspgcc/bin/../lib/gcc/msp430-elf/4.9.1/../../../../msp430-elf/lib/libcrt.a(crt_bss.o)
 .debug_line    0x00001073       0x90 /opt/ti/mspgcc/bin/../lib/gcc/msp430-elf/4.9.1/../../../../msp430-elf/lib/libcrt.a(crt_movedata.o)
 .debug_line    0x00001103       0x7e /opt/ti/mspgcc/bin/../lib/gcc/msp430-elf/4.9.1/../../../../msp430-elf/lib/libcrt.a(crt_main.o)
 .debug_line    0x00001181      0x118 /opt/ti/mspgcc/bin/../lib/gcc/msp430-elf/4.9.1/../../../../msp430-elf/lib/libc.a(lib_a-memmove.o)
 .debug_line.text.memmove
                0x00001299       0x40 /opt/ti/mspgcc/bin/../lib/gcc/msp430-elf/4.9.1/../../../../msp430-elf/lib/libc.a(lib_a-memmove.o)
 .debug_line_end
                0x000012d9        0x0 /opt/ti/mspgcc/bin/../lib/gcc/msp430-elf/4.9.1/../../../../msp430-elf/lib/libc.a(lib_a-memmove.o)
 .debug_line    0x000012d9      0x117 /opt/ti/mspgcc/bin/../lib/gcc/msp430-elf/4.9.1/../../../../msp430-elf/lib/libc.a(lib_a-memset.o)
 .debug_line.text.memset
                0x000013f0       0x22 /opt/ti/mspgcc/bin/../lib/gcc/msp430-elf/4.9.1/../../../../msp430-elf/lib/libc.a(lib_a-memset.o)
 .debug_line_end
                0x00001412        0x0 /opt/ti/mspgcc/bin/../lib/gcc/msp430-elf/4.9.1/../../../../msp430-elf/lib/libc.a(lib_a-memset.o)
 .debug_line    0x00001412       0x8d /opt/ti/mspgcc/bin/../lib/gcc/msp430-elf/4.9.1/../../../../msp430-elf/lib/crtn.o

.debug_frame    0x00000000      0x36c
 *(.debug_frame)
 .debug_frame   0x00000000       0x90 /home/reviewer/src/apps/app-temp-log-alpaca-new/ext/libmspprintf/bld/gcc/libmspprintf.a(printf.o)
 .debug_frame   0x00000090      0x120 /home/reviewer/src/apps/app-temp-log-alpaca-new/ext/libedb/bld/gcc/libedb.a(edb.o)
 .debug_frame   0x000001b0       0x84 /home/reviewer/src/apps/app-temp-log-alpaca-new/ext/libedb/bld/gcc/libedb.a(io.o)
 .debug_frame   0x00000234       0xe4 /home/reviewer/src/apps/app-temp-log-alpaca-new/ext/libwispbase/bld/gcc/libwispbase.a(uart.o)
 .debug_frame   0x00000318       0x30 /opt/ti/mspgcc/bin/../lib/gcc/msp430-elf/4.9.1/../../../../msp430-elf/lib/libc.a(lib_a-memmove.o)
 .debug_frame   0x00000348       0x24 /opt/ti/mspgcc/bin/../lib/gcc/msp430-elf/4.9.1/../../../../msp430-elf/lib/libc.a(lib_a-memset.o)

.debug_str      0x00000000      0xc13
 *(.debug_str)
 .debug_str     0x00000000      0x1d5 /home/reviewer/src/apps/app-temp-log-alpaca-new/ext/libmspprintf/bld/gcc/libmspprintf.a(printf.o)
                                0x21b (size before relaxing)
 .debug_str     0x000001d5      0x681 /home/reviewer/src/apps/app-temp-log-alpaca-new/ext/libedb/bld/gcc/libedb.a(edb.o)
                                0x830 (size before relaxing)
 .debug_str     0x00000856       0x5b /home/reviewer/src/apps/app-temp-log-alpaca-new/ext/libedb/bld/gcc/libedb.a(io.o)
                                0x2d8 (size before relaxing)
 .debug_str     0x000008b1      0x1ee /home/reviewer/src/apps/app-temp-log-alpaca-new/ext/libwispbase/bld/gcc/libwispbase.a(uart.o)
                                0x380 (size before relaxing)
 .debug_str     0x00000a9f      0x127 /opt/ti/mspgcc/bin/../lib/gcc/msp430-elf/4.9.1/../../../../msp430-elf/lib/libc.a(lib_a-memmove.o)
                                0x1b9 (size before relaxing)
 .debug_str     0x00000bc6       0x4d /opt/ti/mspgcc/bin/../lib/gcc/msp430-elf/4.9.1/../../../../msp430-elf/lib/libc.a(lib_a-memset.o)
                                0x19e (size before relaxing)

.debug_loc      0x00000000     0x1106
 *(.debug_loc)
 .debug_loc     0x00000000      0x3b5 /home/reviewer/src/apps/app-temp-log-alpaca-new/ext/libmspprintf/bld/gcc/libmspprintf.a(printf.o)
 .debug_loc     0x000003b5      0x728 /home/reviewer/src/apps/app-temp-log-alpaca-new/ext/libedb/bld/gcc/libedb.a(edb.o)
 .debug_loc     0x00000add      0x2aa /home/reviewer/src/apps/app-temp-log-alpaca-new/ext/libedb/bld/gcc/libedb.a(io.o)
 .debug_loc     0x00000d87      0x14c /home/reviewer/src/apps/app-temp-log-alpaca-new/ext/libwispbase/bld/gcc/libwispbase.a(uart.o)
 .debug_loc     0x00000ed3      0x1ac /opt/ti/mspgcc/bin/../lib/gcc/msp430-elf/4.9.1/../../../../msp430-elf/lib/libc.a(lib_a-memmove.o)
 .debug_loc     0x0000107f       0x87 /opt/ti/mspgcc/bin/../lib/gcc/msp430-elf/4.9.1/../../../../msp430-elf/lib/libc.a(lib_a-memset.o)

.debug_macinfo
 *(.debug_macinfo)

.debug_weaknames
 *(.debug_weaknames)

.debug_funcnames
 *(.debug_funcnames)

.debug_typenames
 *(.debug_typenames)

.debug_varnames
 *(.debug_varnames)

.debug_pubtypes
 *(.debug_pubtypes)

.debug_ranges   0x00000000       0xe8
 *(.debug_ranges)
 .debug_ranges  0x00000000       0x28 /opt/ti/mspgcc/bin/../lib/gcc/msp430-elf/4.9.1/../../../../msp430-elf/lib/crt0.o
 .debug_ranges  0x00000028       0x80 /home/reviewer/src/apps/app-temp-log-alpaca-new/ext/libedb/bld/gcc/libedb.a(edb.o)
 .debug_ranges  0x000000a8       0x10 /opt/ti/mspgcc/bin/../lib/gcc/msp430-elf/4.9.1/../../../../msp430-elf/lib/libc.a(lib_a-memmove.o)
 .debug_ranges  0x000000b8       0x10 /opt/ti/mspgcc/bin/../lib/gcc/msp430-elf/4.9.1/../../../../msp430-elf/lib/libc.a(lib_a-memset.o)
 .debug_ranges  0x000000c8       0x20 /opt/ti/mspgcc/bin/../lib/gcc/msp430-elf/4.9.1/../../../../msp430-elf/lib/crtn.o

.debug_macro
 *(.debug_macro)

/DISCARD/
 *(.note.GNU-stack)
OUTPUT(templog.out elf32-msp430)
